// Jest Snapshot v1, https://goo.gl/fbAQLP

exports[`<Jumbotron /> renders the <Jumbotron /> with populated data 1`] = `
<div
  class="jumbotron__Container-sc-1i9gm41-7 ihJnBW"
>
  <div
    class="jumbotron__Item-sc-1i9gm41-6 goLToo"
  >
    <div
      class="jumbotron__Inner-sc-1i9gm41-0 eDjVMG"
      direction="row"
    >
      <div
        class="jumbotron__Left-sc-1i9gm41-4 dhqQAz"
      >
        <h1
          class="jumbotron__Title-sc-1i9gm41-1 dZKiTp"
        >
          Enjoy on your TV.
        </h1>
        <h2
          class="jumbotron__SubTitle-sc-1i9gm41-2 cqxDEb"
        >
          Watch on smart TVs, PlayStation, Xbox, Chromecast, Apple TV, Blu-ray players and more.
        </h2>
      </div>
      <div
        class="jumbotron__Right-sc-1i9gm41-5"
      >
        <img
          alt="Tiger King on Netflix"
          class="jumbotron__Image-sc-1i9gm41-3 ipssna"
          data-testid="1-jumbo-image"
          src="/images/misc/home-tv.jpg"
        />
      </div>
    </div>
  </div>
  <div
    class="jumbotron__Item-sc-1i9gm41-6 goLToo"
  >
    <div
      class="jumbotron__Inner-sc-1i9gm41-0 eDjVMG"
      direction="row"
    >
      <div
        class="jumbotron__Left-sc-1i9gm41-4 dhqQAz"
      >
        <h1
          class="jumbotron__Title-sc-1i9gm41-1 dZKiTp"
        >
          Download your programmes to watch on the go.
        </h1>
        <h2
          class="jumbotron__SubTitle-sc-1i9gm41-2 cqxDEb"
        >
          Save your data and watch all your favourites offline.
        </h2>
      </div>
      <div
        class="jumbotron__Right-sc-1i9gm41-5"
      >
        <img
          alt="Watch on mobile"
          class="jumbotron__Image-sc-1i9gm41-3 ipssna"
          data-testid="2-jumbo-image"
          src="/images/misc/home-mobile.jpg"
        />
      </div>
    </div>
  </div>
  <div
    class="jumbotron__Item-sc-1i9gm41-6 goLToo"
  >
    <div
      class="jumbotron__Inner-sc-1i9gm41-0 eDjVMG"
      direction="row"
    >
      <div
        class="jumbotron__Left-sc-1i9gm41-4 dhqQAz"
      >
        <h1
          class="jumbotron__Title-sc-1i9gm41-1 dZKiTp"
        >
          Watch everywhere.
        </h1>
        <h2
          class="jumbotron__SubTitle-sc-1i9gm41-2 cqxDEb"
        >
          Stream unlimited films and TV programmes on your phone, tablet, laptop and TV without paying more.
        </h2>
      </div>
      <div
        class="jumbotron__Right-sc-1i9gm41-5"
      >
        <img
          alt="Money Heist on Netflix"
          class="jumbotron__Image-sc-1i9gm41-3 ipssna"
          data-testid="3-jumbo-image"
          src="/images/misc/home-imac.jpg"
        />
      </div>
    </div>
  </div>
</div>
`;
